// Vitest Snapshot v1, https://vitest.dev/guide/snapshot.html

exports[`layout > render 1`] = `
<input
  placeholder="enter name"
  type="text"
  value=""
/>
`;

exports[`layout > render navbar 1`] = `
<input
  placeholder="enter name"
  type="text"
  value=""
/>
`;
